node.exe : (node:16924) 
[DEP0176] 
DeprecationWarning: fs.F_OK 
is deprecated, use 
fs.constants.F_OK instead
At line:1 char:1
+ & "C:\Program 
Files\nodejs/node.exe" 
"C:\Program 
Files\nodejs/node_mo ...
+ ~~~~~~~~~~~~~~~~~~~~~~~~~~~
~~~~~~~~~~~~~~~~~~~~~~~~~~~~~
~~~~~~~~~~~~~
    + CategoryInfo           
   : NotSpecified: ((node:1  
  6924) [D...ts.F_OK inste   
 ad:String) [], RemoteExc    
eption
    + FullyQualifiedErrorId  
   : NativeCommandError
 
(Use `node 
--trace-deprecation ...` to 
show where the warning was 
created)
Creating an optimized production build...
Failed to compile.

[eslint] 
src\pages\Dashboard.js
  Line 1341:8:    'showSmsMock' is not defined     no-undef
  Line 1354:108:  'mockSmsContent' is not defined  no-undef
  Line 1356:45:   'setShowSmsMock' is not defined  no-undef

src\pages\Landing.js
  Line 101:29:  'bgCard' is not defined  no-undef

Search for the keywords to learn more about each error.


